[2026-03-27 21:36:42] local.ERROR: require(C:\Users\reina\OneDrive\Documentos\PROYECTOS\cuantica\horizontia\routes/breadcrumbs.php): Failed to open stream: No such file or directory {"exception":"[object] (ErrorException(code: 0): require(C:\\Users\\reina\\OneDrive\\Documentos\\PROYECTOS\\cuantica\\horizontia\\routes/breadcrumbs.php): Failed to open stream: No such file or directory at /var/www/html/vendor/diglactic/laravel-breadcrumbs/src/ServiceProvider.php:94)
[stacktrace]
#0 /var/www/html/vendor/laravel/framework/src/Illuminate/Foundation/Bootstrap/HandleExceptions.php(256): Illuminate\\Foundation\\Bootstrap\\HandleExceptions->handleError()
#1 /var/www/html/vendor/diglactic/laravel-breadcrumbs/src/ServiceProvider.php(94): Illuminate\\Foundation\\Bootstrap\\HandleExceptions->Illuminate\\Foundation\\Bootstrap\\{closure}()
#2 /var/www/html/vendor/diglactic/laravel-breadcrumbs/src/ServiceProvider.php(94): require('...')
#3 /var/www/html/vendor/diglactic/laravel-breadcrumbs/src/ServiceProvider.php(62): Diglactic\\Breadcrumbs\\ServiceProvider->registerBreadcrumbs()
#4 /var/www/html/vendor/laravel/framework/src/Illuminate/Container/BoundMethod.php(36): Diglactic\\Breadcrumbs\\ServiceProvider->boot()
#5 /var/www/html/vendor/laravel/framework/src/Illuminate/Container/Util.php(43): Illuminate\\Container\\BoundMethod::Illuminate\\Container\\{closure}()
#6 /var/www/html/vendor/laravel/framework/src/Illuminate/Container/BoundMethod.php(95): Illuminate\\Container\\Util::unwrapIfClosure()
#7 /var/www/html/vendor/laravel/framework/src/Illuminate/Container/BoundMethod.php(35): Illuminate\\Container\\BoundMethod::callBoundMethod()
#8 /var/www/html/vendor/laravel/framework/src/Illuminate/Container/Container.php(696): Illuminate\\Container\\BoundMethod::call()
#9 /var/www/html/vendor/laravel/framework/src/Illuminate/Foundation/Application.php(1151): Illuminate\\Container\\Container->call()
#10 /var/www/html/vendor/laravel/framework/src/Illuminate/Foundation/Application.php(921): Illuminate\\Foundation\\Application->bootProvider()
#11 /var/www/html/vendor/laravel/framework/src/Illuminate/Foundation/Application.php(1034): Illuminate\\Foundation\\Application->register()
#12 /var/www/html/vendor/laravel/framework/src/Illuminate/Foundation/Application.php(1014): Illuminate\\Foundation\\Application->registerDeferredProvider()
#13 /var/www/html/vendor/laravel/framework/src/Illuminate/Foundation/Application.php(990): Illuminate\\Foundation\\Application->loadDeferredProvider()
#14 /var/www/html/vendor/laravel/framework/src/Illuminate/Foundation/Console/Kernel.php(477): Illuminate\\Foundation\\Application->loadDeferredProviders()
#15 /var/www/html/vendor/laravel/framework/src/Illuminate/Foundation/Console/Kernel.php(196): Illuminate\\Foundation\\Console\\Kernel->bootstrap()
#16 /var/www/html/vendor/laravel/framework/src/Illuminate/Foundation/Application.php(1235): Illuminate\\Foundation\\Console\\Kernel->handle()
#17 /var/www/html/artisan(13): Illuminate\\Foundation\\Application->handleCommand()
#18 {main}
"} 
[2026-03-27 22:36:42] local.ERROR: require(C:\Users\reina\OneDrive\Documentos\PROYECTOS\cuantica\horizontia\routes/breadcrumbs.php): Failed to open stream: No such file or directory {"exception":"[object] (ErrorException(code: 0): require(C:\\Users\\reina\\OneDrive\\Documentos\\PROYECTOS\\cuantica\\horizontia\\routes/breadcrumbs.php): Failed to open stream: No such file or directory at /var/www/html/vendor/diglactic/laravel-breadcrumbs/src/ServiceProvider.php:94)
[stacktrace]
#0 /var/www/html/vendor/laravel/framework/src/Illuminate/Foundation/Bootstrap/HandleExceptions.php(256): Illuminate\\Foundation\\Bootstrap\\HandleExceptions->handleError()
#1 /var/www/html/vendor/diglactic/laravel-breadcrumbs/src/ServiceProvider.php(94): Illuminate\\Foundation\\Bootstrap\\HandleExceptions->Illuminate\\Foundation\\Bootstrap\\{closure}()
#2 /var/www/html/vendor/diglactic/laravel-breadcrumbs/src/ServiceProvider.php(94): require('...')
#3 /var/www/html/vendor/diglactic/laravel-breadcrumbs/src/ServiceProvider.php(62): Diglactic\\Breadcrumbs\\ServiceProvider->registerBreadcrumbs()
#4 /var/www/html/vendor/laravel/framework/src/Illuminate/Container/BoundMethod.php(36): Diglactic\\Breadcrumbs\\ServiceProvider->boot()
#5 /var/www/html/vendor/laravel/framework/src/Illuminate/Container/Util.php(43): Illuminate\\Container\\BoundMethod::Illuminate\\Container\\{closure}()
#6 /var/www/html/vendor/laravel/framework/src/Illuminate/Container/BoundMethod.php(95): Illuminate\\Container\\Util::unwrapIfClosure()
#7 /var/www/html/vendor/laravel/framework/src/Illuminate/Container/BoundMethod.php(35): Illuminate\\Container\\BoundMethod::callBoundMethod()
#8 /var/www/html/vendor/laravel/framework/src/Illuminate/Container/Container.php(696): Illuminate\\Container\\BoundMethod::call()
#9 /var/www/html/vendor/laravel/framework/src/Illuminate/Foundation/Application.php(1151): Illuminate\\Container\\Container->call()
#10 /var/www/html/vendor/laravel/framework/src/Illuminate/Foundation/Application.php(921): Illuminate\\Foundation\\Application->bootProvider()
#11 /var/www/html/vendor/laravel/framework/src/Illuminate/Foundation/Application.php(1034): Illuminate\\Foundation\\Application->register()
#12 /var/www/html/vendor/laravel/framework/src/Illuminate/Foundation/Application.php(1014): Illuminate\\Foundation\\Application->registerDeferredProvider()
#13 /var/www/html/vendor/laravel/framework/src/Illuminate/Foundation/Application.php(990): Illuminate\\Foundation\\Application->loadDeferredProvider()
#14 /var/www/html/vendor/laravel/framework/src/Illuminate/Foundation/Console/Kernel.php(477): Illuminate\\Foundation\\Application->loadDeferredProviders()
#15 /var/www/html/vendor/laravel/framework/src/Illuminate/Foundation/Console/Kernel.php(196): Illuminate\\Foundation\\Console\\Kernel->bootstrap()
#16 /var/www/html/vendor/laravel/framework/src/Illuminate/Foundation/Application.php(1235): Illuminate\\Foundation\\Console\\Kernel->handle()
#17 /var/www/html/artisan(13): Illuminate\\Foundation\\Application->handleCommand()
#18 {main}
"} 
